{
  "userRoles": [
    {
      "userId": "user1236",
      "roles": [
        {
          "applicationName": null,
          "orgId": "orgId1",
          "roleName": "orgAdmin",
          "roleValue": null
        }
      ]
    }
  ]
}
