{
  "userId": "user123",
  "roles": [
    {
      "applicationName": null,
      "orgId": "orgId1",
      "roleName": "orgAdmin",
      "roleValue": null
    }
  ]
}
