{
  "id": "d07a2e41-0796-442b-95c0-70db1624d06d",
  "userId": "user123",
  "roles": [
    {
      "orgId": "orgId1",
      "roleName": "orgOwner"
    },
    {
      "orgId": "orgId2",
      "roleName": "orgAdmin"
    },
    {
      "orgId": "orgId3",
      "roleName": "orgMember",
      "roleValue": "{\"boards\": [1,2,3]}"
    },
    {
      "roleName": "admin"
    }
  ]
}
