{
  "id": "d07a2e41-0796-442b-95c0-70db1624d06d",
  "userId": "user123",
  "roles": [
    {
      "orgId": "orgId1",
      "roleName": "orgAdmin"
    }
  ]
}
