{
  "userRoles": [
    {
      "userId": "user1231",
      "roles": [
        {
          "orgId": "orgId1",
          "roleName": "orgOwner"
        },
        {
          "orgId": "orgId2",
          "roleName": "orgAdmin"
        },
        {
          "orgId": "orgId3",
          "roleName": "orgMember",
          "roleValue": "{\"boards\": [1,2,3]}"
        },
        {
          "roleName": "admin"
        }
      ]
    },
    {
      "userId": "user1232",
      "roles": [
        {
          "roleName": "admin"
        }
      ]
    },
    {
      "userId": "user1233",
      "roles": [
        {
          "orgId": "orgId1",
          "roleName": "orgOwner"
        }
      ]
    },
    {
      "userId": "user1234",
      "roles": [
        {
          "orgId": "orgId1",
          "roleName": "orgOwner"
        }
      ]
    },
    {
      "userId": "user1235",
      "roles": [
        {
          "orgId": "orgId1",
          "roleName": "orgOwner"
        },
        {
          "orgId": "orgId2",
          "roleName": "orgAdmin"
        }
      ]
    },
    {
      "userId": "user1236",
      "roles": [
        {
          "orgId": "orgId1",
          "roleName": "orgAdmin"
        }
      ]
    },
    {
      "userId": "user1237",
      "roles": [
        {
          "orgId": "orgId2",
          "roleName": "orgOwner"
        }
      ]
    },
    {
      "userId": "user1238",
      "roles": [
        {
          "orgId": "orgId3",
          "roleName": "orgOwner"
        }
      ]
    },
    {
      "userId": "user1239",
      "roles": [
        {
          "orgId": "orgId3",
          "roleName": "orgOwner"
        },
        {
          "roleName": "admin"
        }
      ]
    }
  ]
}
