{
  "items": [
    {
      "id": "e78d56aa-6904-4163-8dda-54aebd577b8e",
      "userId": "user1231",
      "userRoles": [
        {
          "orgId": "orgId1",
          "roleName": "orgOwner"
        },
        {
          "orgId": "orgId2",
          "roleName": "orgAdmin"
        },
        {
          "orgId": "orgId3",
          "roleName": "orgMember",
          "roleValue": "{\"boards\": [1,2,3]}"
        },
        {
          "roleName": "admin"
        }
      ]
    },
    {
      "id": "e78d56aa-6904-4263-8dda-54aebd577b8e",
      "userId": "user1232",
      "userRoles": [
        {
          "roleName": "admin"
        }
      ]
    },
    {
      "id": "e78d56aa-6904-4963-8dda-54aebd577b8e",
      "userId": "user1239",
      "userRoles": [
        {
          "orgId": "orgId3",
          "roleName": "orgOwner"
        },
        {
          "roleName": "admin"
        }
      ]
    }
  ]
}
