{
  "userRoles": [
    {
      "id": "e78d56aa-6904-4663-8dda-54aebd577b8e",
      "userId": "user1236",
      "roles": [
        {
          "orgId": "orgId1",
          "roleName": "orgAdmin"
        }
      ]
    }
  ]
}
